// Jest Snapshot v1, https://goo.gl/fbAQLP

exports[`<ConfigurationSummary /> renders correctly 1`] = `
<dl
  className="kubevirt-configuration-summary"
>
  <dt>
    Operating System
  </dt>
  <dd>
    ---
  </dd>
  <dt>
    Flavor
  </dt>
  <dd>
    small - 2 CPU, 2G Memory
  </dd>
  <dt>
    Workload Profile
  </dt>
  <dd>
    generic
  </dd>
  <dt>
    NICs
  </dt>
  <dd>
    <div
      key="eth0"
    >
      eth0
    </div>
  </dd>
  <dt>
    Disks
  </dt>
  <dd>
    <div
      key="rootdisk"
    >
      rootdisk
    </div>
    <div
      key="cloudinitdisk"
    >
      cloudinitdisk - cloud-init disk
    </div>
  </dd>
</dl>
`;
